­ƒÜÇ D├®marrage des tests automatis├®s de l'API...

­ƒôï Test de l'endpoint racine...
Ô£à GET / retourne 200
Ô£à GET / contient un message

­ƒôï Test de la liste des jeux...
Status: 500
Body: { error: 'error.server' }
Raw body: {"error":"error.server"}
ÔØî GET /api/v1/games retourne 200
ÔØî GET /api/v1/games retourne un objet avec data

­ƒôï Test de cr├®ation d'un jeu...
Ô£à POST /api/v1/games retourne 201
Ô£à POST /api/v1/games retourne le jeu cr├®├®

­ƒôï Test de r├®cup├®ration du jeu...
ÔØî GET /api/v1/games/:id retourne 200
ÔØî GET /api/v1/games/:id retourne le bon jeu
ÔØî GET /api/v1/games/:id contient HATEOAS links

­ƒôï Test de mise ├á jour du jeu...
ÔØî PATCH /api/v1/games/:id retourne 200
ÔØî PATCH /api/v1/games/:id met ├á jour le rating

­ƒôï Test de content negotiation (XML)...
ÔØî GET avec Accept: application/xml retourne XML

­ƒôï Test de content negotiation (YAML)...
ÔØî GET avec Accept: application/yaml retourne YAML

­ƒôï Test d'internationalisation...
Ô£à GET /?lang=en fonctionne

­ƒôï Test des erreurs...
ÔØî GET /api/v1/games/99999 retourne 404
Ô£à POST sans API key retourne 401

­ƒôï Test de suppression...
ÔØî DELETE /api/v1/games/:id retourne 204
ÔØî GET apr├¿s DELETE retourne 404

==================================================
­ƒôè R├ëSULTATS DES TESTS
==================================================
Total: 18
R├®ussis: 6
├ëchou├®s: 12
Taux de succ├¿s: 33.3%
ÔÜá´©Å Certains tests ont ├®chou├®. V├®rifiez les logs ci-dessus.
